[2026-08-19 14:00:01] [WARNING ] discord.client: PyNaCl is not installed, voice will NOT be supported
[2026-08-19 14:00:01] [WARNING ] discord.client: davey is not installed, voice will NOT be supported
[2026-08-19 14:00:01] [INFO    ] discord.client: logging in using static token
[2026-08-19 14:00:02] [INFO    ] familybot.bot: Database integrity check: ok
[2026-08-19 14:00:02] [INFO    ] familybot.bot: Database backup created: data\backups\family_activity_20260819_110002_591449_startup.db
[2026-08-19 14:00:03] [INFO    ] familybot.bot: Synced commands to DEV_GUILD_ID=1157679247553474640
[2026-08-19 14:00:04] [INFO    ] discord.gateway: Shard ID None has connected to Gateway (Session ID: dada8b088ec6428bdf261263647402c7).
[2026-08-19 14:00:06] [INFO    ] familybot.bot: Family Activity Bot logged in as Bot activity#2824 (1539573930853924864)
[2026-08-19 14:03:06] [ERROR   ] familybot.bot: Application command error
Traceback (most recent call last):
  File "C:\Users\user\AppData\Local\Programs\Python\Python311\Lib\site-packages\discord\app_commands\commands.py", line 858, in _do_call
    return await self._callback(self.binding, interaction, **params)  # type: ignore
           ^^^^^^^^^^^^^^^^^^^^^^^^^^^^^^^^^^^^^^^^^^^^^^^^^^^^^^^^^
  File "C:\Users\user\Desktop\family_activity_bot_v1.0\familybot\cogs\panel.py", line 57, in public_panel
    message = await interaction.channel.send(embed=embed, view=PublicDashboardView())
              ^^^^^^^^^^^^^^^^^^^^^^^^^^^^^^^^^^^^^^^^^^^^^^^^^^^^^^^^^^^^^^^^^^^^^^^
  File "C:\Users\user\AppData\Local\Programs\Python\Python311\Lib\site-packages\discord\abc.py", line 1706, in send
    data = await state.http.send_message(channel.id, params=params)
           ^^^^^^^^^^^^^^^^^^^^^^^^^^^^^^^^^^^^^^^^^^^^^^^^^^^^^^^^
  File "C:\Users\user\AppData\Local\Programs\Python\Python311\Lib\site-packages\discord\http.py", line 772, in request
    raise Forbidden(response, data)
discord.errors.Forbidden: 403 Forbidden (error code: 50001): Missing Access

The above exception was the direct cause of the following exception:

Traceback (most recent call last):
  File "C:\Users\user\AppData\Local\Programs\Python\Python311\Lib\site-packages\discord\app_commands\tree.py", line 1302, in _call
    await command._invoke_with_namespace(interaction, namespace)
  File "C:\Users\user\AppData\Local\Programs\Python\Python311\Lib\site-packages\discord\app_commands\commands.py", line 884, in _invoke_with_namespace
    return await self._do_call(interaction, transformed_values)
           ^^^^^^^^^^^^^^^^^^^^^^^^^^^^^^^^^^^^^^^^^^^^^^^^^^^^
  File "C:\Users\user\AppData\Local\Programs\Python\Python311\Lib\site-packages\discord\app_commands\commands.py", line 877, in _do_call
    raise CommandInvokeError(self, e) from e
discord.app_commands.errors.CommandInvokeError: Command 'участники' raised an exception: Forbidden: 403 Forbidden (error code: 50001): Missing Access
[2026-08-19 14:10:10] [ERROR   ] familybot.bot: Failed to post weekly report for guild 1157679247553474640
Traceback (most recent call last):
  File "C:\Users\user\Desktop\family_activity_bot_v1.0\familybot\bot.py", line 397, in _ensure_last_week_report
    message = await channel.send(embed=embed, file=file)
              ^^^^^^^^^^^^^^^^^^^^^^^^^^^^^^^^^^^^^^^^^^
  File "C:\Users\user\AppData\Local\Programs\Python\Python311\Lib\site-packages\discord\abc.py", line 1706, in send
    data = await state.http.send_message(channel.id, params=params)
           ^^^^^^^^^^^^^^^^^^^^^^^^^^^^^^^^^^^^^^^^^^^^^^^^^^^^^^^^
  File "C:\Users\user\AppData\Local\Programs\Python\Python311\Lib\site-packages\discord\http.py", line 772, in request
    raise Forbidden(response, data)
discord.errors.Forbidden: 403 Forbidden (error code: 50001): Missing Access
[2026-08-19 14:20:09] [ERROR   ] familybot.bot: Failed to post weekly report for guild 1157679247553474640
Traceback (most recent call last):
  File "C:\Users\user\Desktop\family_activity_bot_v1.0\familybot\bot.py", line 397, in _ensure_last_week_report
    message = await channel.send(embed=embed, file=file)
              ^^^^^^^^^^^^^^^^^^^^^^^^^^^^^^^^^^^^^^^^^^
  File "C:\Users\user\AppData\Local\Programs\Python\Python311\Lib\site-packages\discord\abc.py", line 1706, in send
    data = await state.http.send_message(channel.id, params=params)
           ^^^^^^^^^^^^^^^^^^^^^^^^^^^^^^^^^^^^^^^^^^^^^^^^^^^^^^^^
  File "C:\Users\user\AppData\Local\Programs\Python\Python311\Lib\site-packages\discord\http.py", line 772, in request
    raise Forbidden(response, data)
discord.errors.Forbidden: 403 Forbidden (error code: 50001): Missing Access
[2026-08-19 14:23:16] [ERROR   ] familybot.bot: Application command error
Traceback (most recent call last):
  File "C:\Users\user\Desktop\family_activity_bot_v1.0\familybot\timeutil.py", line 66, in parse_local_datetime
    naive = datetime.strptime(value.strip(), "%Y-%m-%d %H:%M")
            ^^^^^^^^^^^^^^^^^^^^^^^^^^^^^^^^^^^^^^^^^^^^^^^^^^
  File "C:\Users\user\AppData\Local\Programs\Python\Python311\Lib\_strptime.py", line 568, in _strptime_datetime
    tt, fraction, gmtoff_fraction = _strptime(data_string, format)
                                    ^^^^^^^^^^^^^^^^^^^^^^^^^^^^^^
  File "C:\Users\user\AppData\Local\Programs\Python\Python311\Lib\_strptime.py", line 349, in _strptime
    raise ValueError("time data %r does not match format %r" %
ValueError: time data '2026-19-08 14:30' does not match format '%Y-%m-%d %H:%M'

The above exception was the direct cause of the following exception:

Traceback (most recent call last):
  File "C:\Users\user\Desktop\family_activity_bot_v1.0\familybot\cogs\activities.py", line 104, in create
    scheduled_for = parse_local_datetime(when, settings.timezone)
                    ^^^^^^^^^^^^^^^^^^^^^^^^^^^^^^^^^^^^^^^^^^^^^
  File "C:\Users\user\Desktop\family_activity_bot_v1.0\familybot\timeutil.py", line 68, in parse_local_datetime
    raise ValueError("Use format YYYY-MM-DD HH:MM, e.g. 2026-08-20 21:00") from exc
ValueError: Use format YYYY-MM-DD HH:MM, e.g. 2026-08-20 21:00

During handling of the above exception, another exception occurred:

Traceback (most recent call last):
  File "C:\Users\user\AppData\Local\Programs\Python\Python311\Lib\site-packages\discord\app_commands\commands.py", line 858, in _do_call
    return await self._callback(self.binding, interaction, **params)  # type: ignore
           ^^^^^^^^^^^^^^^^^^^^^^^^^^^^^^^^^^^^^^^^^^^^^^^^^^^^^^^^^
  File "C:\Users\user\Desktop\family_activity_bot_v1.0\familybot\cogs\activities.py", line 126, in create
    await interaction.response.send_message(f"❌ {exc}", ephemeral=True)
  File "C:\Users\user\AppData\Local\Programs\Python\Python311\Lib\site-packages\discord\interactions.py", line 1085, in send_message
    data = await adapter.create_interaction_response(
           ^^^^^^^^^^^^^^^^^^^^^^^^^^^^^^^^^^^^^^^^^^
  File "C:\Users\user\AppData\Local\Programs\Python\Python311\Lib\site-packages\discord\webhook\async_.py", line 224, in request
    raise NotFound(response, data)
discord.errors.NotFound: 404 Not Found (error code: 10062): Unknown interaction

The above exception was the direct cause of the following exception:

Traceback (most recent call last):
  File "C:\Users\user\AppData\Local\Programs\Python\Python311\Lib\site-packages\discord\app_commands\tree.py", line 1302, in _call
    await command._invoke_with_namespace(interaction, namespace)
  File "C:\Users\user\AppData\Local\Programs\Python\Python311\Lib\site-packages\discord\app_commands\commands.py", line 884, in _invoke_with_namespace
    return await self._do_call(interaction, transformed_values)
           ^^^^^^^^^^^^^^^^^^^^^^^^^^^^^^^^^^^^^^^^^^^^^^^^^^^^
  File "C:\Users\user\AppData\Local\Programs\Python\Python311\Lib\site-packages\discord\app_commands\commands.py", line 877, in _do_call
    raise CommandInvokeError(self, e) from e
discord.app_commands.errors.CommandInvokeError: Command 'создать' raised an exception: NotFound: 404 Not Found (error code: 10062): Unknown interaction
[2026-08-19 14:25:06] [INFO    ] discord.gateway: Shard ID None has successfully RESUMED session dada8b088ec6428bdf261263647402c7.
[2026-08-19 14:30:09] [ERROR   ] familybot.bot: Failed to post weekly report for guild 1157679247553474640
Traceback (most recent call last):
  File "C:\Users\user\Desktop\family_activity_bot_v1.0\familybot\bot.py", line 397, in _ensure_last_week_report
    message = await channel.send(embed=embed, file=file)
              ^^^^^^^^^^^^^^^^^^^^^^^^^^^^^^^^^^^^^^^^^^
  File "C:\Users\user\AppData\Local\Programs\Python\Python311\Lib\site-packages\discord\abc.py", line 1706, in send
    data = await state.http.send_message(channel.id, params=params)
           ^^^^^^^^^^^^^^^^^^^^^^^^^^^^^^^^^^^^^^^^^^^^^^^^^^^^^^^^
  File "C:\Users\user\AppData\Local\Programs\Python\Python311\Lib\site-packages\discord\http.py", line 772, in request
    raise Forbidden(response, data)
discord.errors.Forbidden: 403 Forbidden (error code: 50001): Missing Access
[2026-08-19 14:33:00] [INFO    ] discord.gateway: Shard ID None has successfully RESUMED session dada8b088ec6428bdf261263647402c7.
[2026-08-19 14:40:09] [ERROR   ] familybot.bot: Failed to post weekly report for guild 1157679247553474640
Traceback (most recent call last):
  File "C:\Users\user\Desktop\family_activity_bot_v1.0\familybot\bot.py", line 397, in _ensure_last_week_report
    message = await channel.send(embed=embed, file=file)
              ^^^^^^^^^^^^^^^^^^^^^^^^^^^^^^^^^^^^^^^^^^
  File "C:\Users\user\AppData\Local\Programs\Python\Python311\Lib\site-packages\discord\abc.py", line 1706, in send
    data = await state.http.send_message(channel.id, params=params)
           ^^^^^^^^^^^^^^^^^^^^^^^^^^^^^^^^^^^^^^^^^^^^^^^^^^^^^^^^
  File "C:\Users\user\AppData\Local\Programs\Python\Python311\Lib\site-packages\discord\http.py", line 772, in request
    raise Forbidden(response, data)
discord.errors.Forbidden: 403 Forbidden (error code: 50001): Missing Access
[2026-08-19 14:44:17] [INFO    ] discord.gateway: Shard ID None has successfully RESUMED session dada8b088ec6428bdf261263647402c7.
[2026-08-19 14:45:18] [INFO    ] discord.gateway: Shard ID None has successfully RESUMED session dada8b088ec6428bdf261263647402c7.
[2026-08-19 14:50:09] [ERROR   ] familybot.bot: Failed to post weekly report for guild 1157679247553474640
Traceback (most recent call last):
  File "C:\Users\user\Desktop\family_activity_bot_v1.0\familybot\bot.py", line 397, in _ensure_last_week_report
    message = await channel.send(embed=embed, file=file)
              ^^^^^^^^^^^^^^^^^^^^^^^^^^^^^^^^^^^^^^^^^^
  File "C:\Users\user\AppData\Local\Programs\Python\Python311\Lib\site-packages\discord\abc.py", line 1706, in send
    data = await state.http.send_message(channel.id, params=params)
           ^^^^^^^^^^^^^^^^^^^^^^^^^^^^^^^^^^^^^^^^^^^^^^^^^^^^^^^^
  File "C:\Users\user\AppData\Local\Programs\Python\Python311\Lib\site-packages\discord\http.py", line 772, in request
    raise Forbidden(response, data)
discord.errors.Forbidden: 403 Forbidden (error code: 50001): Missing Access
[2026-08-19 15:00:10] [ERROR   ] familybot.bot: Failed to post weekly report for guild 1157679247553474640
Traceback (most recent call last):
  File "C:\Users\user\Desktop\family_activity_bot_v1.0\familybot\bot.py", line 397, in _ensure_last_week_report
    message = await channel.send(embed=embed, file=file)
              ^^^^^^^^^^^^^^^^^^^^^^^^^^^^^^^^^^^^^^^^^^
  File "C:\Users\user\AppData\Local\Programs\Python\Python311\Lib\site-packages\discord\abc.py", line 1706, in send
    data = await state.http.send_message(channel.id, params=params)
           ^^^^^^^^^^^^^^^^^^^^^^^^^^^^^^^^^^^^^^^^^^^^^^^^^^^^^^^^
  File "C:\Users\user\AppData\Local\Programs\Python\Python311\Lib\site-packages\discord\http.py", line 772, in request
    raise Forbidden(response, data)
discord.errors.Forbidden: 403 Forbidden (error code: 50001): Missing Access
[2026-08-19 15:10:09] [ERROR   ] familybot.bot: Failed to post weekly report for guild 1157679247553474640
Traceback (most recent call last):
  File "C:\Users\user\Desktop\family_activity_bot_v1.0\familybot\bot.py", line 397, in _ensure_last_week_report
    message = await channel.send(embed=embed, file=file)
              ^^^^^^^^^^^^^^^^^^^^^^^^^^^^^^^^^^^^^^^^^^
  File "C:\Users\user\AppData\Local\Programs\Python\Python311\Lib\site-packages\discord\abc.py", line 1706, in send
    data = await state.http.send_message(channel.id, params=params)
           ^^^^^^^^^^^^^^^^^^^^^^^^^^^^^^^^^^^^^^^^^^^^^^^^^^^^^^^^
  File "C:\Users\user\AppData\Local\Programs\Python\Python311\Lib\site-packages\discord\http.py", line 772, in request
    raise Forbidden(response, data)
discord.errors.Forbidden: 403 Forbidden (error code: 50001): Missing Access
[2026-08-19 15:20:09] [ERROR   ] familybot.bot: Failed to post weekly report for guild 1157679247553474640
Traceback (most recent call last):
  File "C:\Users\user\Desktop\family_activity_bot_v1.0\familybot\bot.py", line 397, in _ensure_last_week_report
    message = await channel.send(embed=embed, file=file)
              ^^^^^^^^^^^^^^^^^^^^^^^^^^^^^^^^^^^^^^^^^^
  File "C:\Users\user\AppData\Local\Programs\Python\Python311\Lib\site-packages\discord\abc.py", line 1706, in send
    data = await state.http.send_message(channel.id, params=params)
           ^^^^^^^^^^^^^^^^^^^^^^^^^^^^^^^^^^^^^^^^^^^^^^^^^^^^^^^^
  File "C:\Users\user\AppData\Local\Programs\Python\Python311\Lib\site-packages\discord\http.py", line 772, in request
    raise Forbidden(response, data)
discord.errors.Forbidden: 403 Forbidden (error code: 50001): Missing Access
[2026-08-19 15:30:09] [ERROR   ] familybot.bot: Failed to post weekly report for guild 1157679247553474640
Traceback (most recent call last):
  File "C:\Users\user\Desktop\family_activity_bot_v1.0\familybot\bot.py", line 397, in _ensure_last_week_report
    message = await channel.send(embed=embed, file=file)
              ^^^^^^^^^^^^^^^^^^^^^^^^^^^^^^^^^^^^^^^^^^
  File "C:\Users\user\AppData\Local\Programs\Python\Python311\Lib\site-packages\discord\abc.py", line 1706, in send
    data = await state.http.send_message(channel.id, params=params)
           ^^^^^^^^^^^^^^^^^^^^^^^^^^^^^^^^^^^^^^^^^^^^^^^^^^^^^^^^
  File "C:\Users\user\AppData\Local\Programs\Python\Python311\Lib\site-packages\discord\http.py", line 772, in request
    raise Forbidden(response, data)
discord.errors.Forbidden: 403 Forbidden (error code: 50001): Missing Access
[2026-08-19 15:30:59] [INFO    ] familybot.bot: Database backup created: data\backups\family_activity_20260819_123059_984793_shutdown.db
[2026-08-19 15:35:11] [WARNING ] discord.client: PyNaCl is not installed, voice will NOT be supported
[2026-08-19 15:35:11] [WARNING ] discord.client: davey is not installed, voice will NOT be supported
[2026-08-19 15:35:11] [INFO    ] discord.client: logging in using static token
[2026-08-19 15:35:12] [INFO    ] familybot.bot: Database integrity check: ok
[2026-08-19 15:35:12] [INFO    ] familybot.bot: Database backup created: data\backups\family_activity_20260819_123512_551097_startup.db
[2026-08-19 15:35:13] [INFO    ] familybot.bot: Synced commands to DEV_GUILD_ID=1157679247553474640
[2026-08-19 15:35:14] [INFO    ] discord.gateway: Shard ID None has connected to Gateway (Session ID: 83919741b0f6e587d28afaca6b318c98).
[2026-08-19 15:35:16] [INFO    ] familybot.bot: Family Activity Bot logged in as Bot activity#2824 (1539573930853924864)
[2026-08-19 15:47:25] [INFO    ] familybot.bot: Database backup created: data\backups\family_activity_20260819_124724_979692_shutdown.db
[2026-08-19 15:51:19] [WARNING ] discord.client: PyNaCl is not installed, voice will NOT be supported
[2026-08-19 15:51:19] [WARNING ] discord.client: davey is not installed, voice will NOT be supported
[2026-08-19 15:51:19] [INFO    ] discord.client: logging in using static token
[2026-08-19 15:51:20] [INFO    ] familybot.bot: Database integrity check: ok
[2026-08-19 15:51:20] [INFO    ] familybot.bot: Database backup created: data\backups\family_activity_20260819_125120_578575_startup.db
[2026-08-19 15:51:21] [INFO    ] familybot.bot: Synced commands to DEV_GUILD_ID=1157679247553474640
[2026-08-19 15:51:22] [INFO    ] discord.gateway: Shard ID None has connected to Gateway (Session ID: 141935e89282f111d3a012fb7e6f7e95).
[2026-08-19 15:51:24] [INFO    ] familybot.bot: Family Activity Bot logged in as Bot activity#2824 (1539573930853924864)
[2026-08-19 15:56:30] [INFO    ] discord.gateway: Shard ID None has successfully RESUMED session 141935e89282f111d3a012fb7e6f7e95.
[2026-08-19 16:09:10] [INFO    ] discord.gateway: Shard ID None has successfully RESUMED session 141935e89282f111d3a012fb7e6f7e95.
[2026-08-19 16:25:39] [INFO    ] familybot.bot: Database backup created: data\backups\family_activity_20260819_132539_248871_manual.db
[2026-08-19 17:43:39] [INFO    ] familybot.bot: Database backup created: data\backups\family_activity_20260819_144339_064145_shutdown.db
[2026-08-19 17:48:53] [WARNING ] discord.client: PyNaCl is not installed, voice will NOT be supported
[2026-08-19 17:48:53] [WARNING ] discord.client: davey is not installed, voice will NOT be supported
[2026-08-19 17:48:53] [INFO    ] discord.client: logging in using static token
[2026-08-19 17:48:54] [INFO    ] familybot.bot: Database integrity check: ok
[2026-08-19 17:48:54] [INFO    ] familybot.bot: Database backup created: data\backups\family_activity_20260819_144854_797729_startup.db
[2026-08-19 17:48:55] [INFO    ] familybot.bot: Synced commands to DEV_GUILD_ID=1157679247553474640
[2026-08-19 17:48:56] [INFO    ] discord.gateway: Shard ID None has connected to Gateway (Session ID: b20d9ea6a816e88131da1a86734a9e58).
[2026-08-19 17:48:58] [INFO    ] familybot.bot: Family Activity Bot logged in as Bot activity#2824 (1539573930853924864)
[2026-08-19 17:53:07] [INFO    ] discord.gateway: Shard ID None has successfully RESUMED session b20d9ea6a816e88131da1a86734a9e58.
[2026-08-19 18:47:45] [INFO    ] familybot.bot: Database backup created: data\backups\family_activity_20260819_154745_771301_shutdown.db
